==420180== Memcheck, a memory error detector
==420180== Copyright (C) 2002-2022, and GNU GPL'd, by Julian Seward et al.
==420180== Using Valgrind-3.22.0 and LibVEX; rerun with -h for copyright info
==420180== Command: ./gnl_test
==420180== Parent PID: 604
==420180== 
==420180== 
==420180== FILE DESCRIPTORS: 7 open (3 std) at exit.
==420180== Open file descriptor 21: /home/unbabo38/.vscode-server/data/logs/20250515T113836/remoteagent.log
==420180==    <inherited from parent>
==420180== 
==420180== Open file descriptor 20: /home/unbabo38/.vscode-server/data/logs/20250515T113836/remoteTelemetry.log
==420180==    <inherited from parent>
==420180== 
==420180== Open file descriptor 19: /home/unbabo38/.vscode-server/data/logs/20250515T113836/ptyhost.log
==420180==    <inherited from parent>
==420180== 
==420180== Open file descriptor 3: /home/unbabo38/gnl_faster/valgrind.log
==420180==    <inherited from parent>
==420180== 
==420180== 
==420180== HEAP SUMMARY:
==420180==     in use at exit: 0 bytes in 0 blocks
==420180==   total heap usage: 2 allocs, 2 frees, 1,040 bytes allocated
==420180== 
==420180== All heap blocks were freed -- no leaks are possible
==420180== 
==420180== For lists of detected and suppressed errors, rerun with: -s
==420180== ERROR SUMMARY: 0 errors from 0 contexts (suppressed: 0 from 0)
