close(3)                                = 0
close(3)                                = 0
strace: Process 418164 attached
[pid 418163] close(4)                   = 0
[pid 418163] dup2(3, 0)                 = 0
> [pid 418163] close(3)                   = 0
strace: Process 418165 attached
[pid 418163] close(4)                   = 0
[pid 418163] dup2(3, 0 <unfinished ...>
[pid 418165] close(3 <unfinished ...>
[pid 418163] <... dup2 resumed>)        = 0
[pid 418165] <... close resumed>)       = 0
[pid 418163] close(3)                   = 0
[pid 418165] dup2(4, 1)                 = 1
[pid 418165] close(4)                   = 0
[pid 418165] close(3)                   = 0
[pid 418165] close(3)                   = 0
[pid 418165] close(3)                   = 0
[pid 418165] close(3)                   = 0
[pid 418165] close(3)                   = 0
[pid 418165] close(3)                   = 0
[pid 418165] close(3)                   = 0
[pid 418165] close(3)                   = 0
[pid 418165] close(3)                   = 0
[pid 418165] close(3)                   = 0
[pid 418165] close(3)                   = 0
[pid 418165] close(3)                   = 0
[pid 418165] close(3)                   = 0
[pid 418165] close(3)                   = 0
[pid 418165] close(3)                   = 0
[pid 418165] close(3)                   = 0
[pid 418165] close(3)                   = 0
> > > [pid 418164] +++ exited with 0 +++
[pid 418163] --- SIGCHLD {si_signo=SIGCHLD, si_code=CLD_EXITED, si_pid=418164, si_uid=1002, si_status=0, si_utime=0, si_stime=0} ---
[pid 418165] close(0)                   = 0
[pid 418165] close(1)                   = 0
[pid 418165] close(2)                   = 0
[pid 418165] +++ exited with 0 +++
--- SIGCHLD {si_signo=SIGCHLD, si_code=CLD_EXITED, si_pid=418165, si_uid=1002, si_status=0, si_utime=0, si_stime=0} ---
dup2(3, 1)                              = 1
close(3)                                = 0
close(3)                                = 0
close(3)                                = 0
close(3)                                = 0
close(3)                                = 0
close(3)                                = 0
close(3)                                = 0
close(3)                                = 0
close(3)                                = 0
close(3)                                = 0
close(3)                                = 0
close(3)                                = 0
close(3)                                = 0
close(3)                                = 0
close(3)                                = 0
close(3)                                = 0
close(3)                                = 0
close(3)                                = 0
close(0)                                = 0
close(1)                                = 0
close(2)                                = 0
+++ exited with 0 +++
