459920 14:33:54.987854 execve("./pipex", ["./pipex", "infile", "cat", "cat", "outfile"], 0x7ffe2766b8d0 /* 36 vars */) = 0
459920 14:33:54.989520 close(3)         = 0
459920 14:33:54.990886 close(3)         = 0
459920 14:33:54.992433 dup2(3, 0)       = 0
459920 14:33:54.992641 close(3)         = 0
459920 14:33:54.993235 close(4)         = 0
459920 14:33:54.993395 dup2(3, 0 <unfinished ...>
459921 14:33:54.993452 close(3 <unfinished ...>
459920 14:33:54.993492 <... dup2 resumed>) = 0
459921 14:33:54.993531 <... close resumed>) = 0
459920 14:33:54.993564 close(3 <unfinished ...>
459921 14:33:54.993597 dup2(4, 1 <unfinished ...>
459920 14:33:54.993629 <... close resumed>) = 0
459921 14:33:54.993674 <... dup2 resumed>) = 1
459921 14:33:54.993726 close(4)         = 0
459922 14:33:54.994213 dup2(3, 1)       = 1
459922 14:33:54.994339 close(3)         = 0
459921 14:33:54.995003 execve("/usr/bin/cat", ["cat"], 0x7ffe24bd8be8 /* 36 vars */) = 0
459922 14:33:54.995462 execve("/usr/bin/cat", ["cat"], 0x7ffe24bd8be8 /* 36 vars */) = 0
459921 14:33:54.996350 close(3)         = 0
459922 14:33:54.996533 close(3)         = 0
459921 14:33:54.997442 close(3)         = 0
459922 14:33:54.997649 close(3)         = 0
459922 14:33:54.999366 close(3)         = 0
459921 14:33:54.999534 close(3)         = 0
459922 14:33:54.999859 close(3)         = 0
459921 14:33:55.000082 close(3)         = 0
459922 14:33:55.000266 close(3)         = 0
459921 14:33:55.000535 close(3)         = 0
459922 14:33:55.000832 close(3)         = 0
459921 14:33:55.001170 close(3)         = 0
459922 14:33:55.001299 close(3)         = 0
459921 14:33:55.001598 close(3)         = 0
459922 14:33:55.001750 close(3)         = 0
459921 14:33:55.002169 close(3 <unfinished ...>
459922 14:33:55.002220 close(3 <unfinished ...>
459921 14:33:55.002253 <... close resumed>) = 0
459922 14:33:55.002298 <... close resumed>) = 0
459921 14:33:55.002622 close(3 <unfinished ...>
459922 14:33:55.002671 close(3 <unfinished ...>
459921 14:33:55.002704 <... close resumed>) = 0
459922 14:33:55.002740 <... close resumed>) = 0
459922 14:33:55.003052 close(3)         = 0
459921 14:33:55.003234 close(3)         = 0
459922 14:33:55.003558 close(3)         = 0
459921 14:33:55.003755 close(3)         = 0
459922 14:33:55.004083 close(3)         = 0
459921 14:33:55.004249 close(3)         = 0
459922 14:33:55.004565 close(3)         = 0
459921 14:33:55.004724 close(3)         = 0
459922 14:33:55.005074 close(3)         = 0
459921 14:33:55.005326 close(3)         = 0
459922 14:33:55.005625 close(3)         = 0
459921 14:33:55.005883 close(3)         = 0
459922 14:33:55.006139 close(3)         = 0
459921 14:33:55.006414 close(3)         = 0
459921 14:33:55.007045 close(3)         = 0
459921 14:33:55.008229 close(0)         = 0
459921 14:33:55.008432 close(1)         = 0
459921 14:33:55.008638 close(2)         = 0
459922 14:33:55.008752 close(0)         = 0
459922 14:33:55.008909 close(1)         = 0
459921 14:33:55.009148 +++ exited with 0 +++
459922 14:33:55.009192 close(2 <unfinished ...>
459920 14:33:55.009233 --- SIGCHLD {si_signo=SIGCHLD, si_code=CLD_EXITED, si_pid=459921, si_uid=1002, si_status=0, si_utime=0, si_stime=0} ---
459922 14:33:55.009411 <... close resumed>) = 0
459922 14:33:55.009727 +++ exited with 0 +++
459920 14:33:55.009814 --- SIGCHLD {si_signo=SIGCHLD, si_code=CLD_EXITED, si_pid=459922, si_uid=1002, si_status=0, si_utime=0, si_stime=0} ---
459920 14:33:55.010246 +++ exited with 0 +++
